// Jest Snapshot v1, https://jestjs.io/docs/snapshot-testing

exports[`Property Header should render header component 1`] = `
<div>
  <div
    class="flex flex-row items-center px-4 py-4 gap-4 color-black w-full"
  >
    <a
      class="flex flex-row items-center gap-2"
      href="/"
    >
      <h2
        class="whitespace-nowrap font-bold text-shadow-lg text-white border-4 border-blue-500 rounded-lg p-2"
      >
        Real Estate App
      </h2>
    </a>
  </div>
</div>
`;
